// Jest Snapshot v1, https://goo.gl/fbAQLP

exports[`<index/> snapshot测试 1`] = `
VueWrapper {
  "_emitted": Object {},
  "_emittedByOrder": Array [],
  "isFunctionalComponent": undefined,
}
`;
