// Jest Snapshot v1, https://goo.gl/fbAQLP

exports[`<Payment/> snapshot测试 1`] = `
"<div>
  <h1>CET报名缴费</h1>
  <form><label>姓名：</label> <input type=\\"text\\"><br> <label>邮箱：</label> <input type=\\"email\\"><br> <label>金额：</label> <input type=\\"number\\"><br> <button type=\\"submit\\">提交</button></form>
</div>"
`;
